// Jest Snapshot v1, https://goo.gl/fbAQLP

exports[`Should render MovieCard component 1`] = `
<article
  className="small-movie-card catalog__movies-card"
  onClick={[Function]}
  onMouseOut={[Function]}
  onMouseOver={[Function]}
>
  <div
    className="small-movie-card__image"
  >
    <video
      autoPlay={true}
      controls={true}
      muted={true}
      onClick={[Function]}
      poster="img/what-we-do-in-the-shadows.jpg"
      width="100%"
    >
      <source
        src="https://download.blender.org/durian/trailer/sintel_trailer-480p.mp4"
      />
    </video>
  </div>
  <h3
    className="small-movie-card__title"
  >
    <a
      className="small-movie-card__link"
      href="#"
    >
      What We Do in the Shadows
    </a>
  </h3>
</article>
`;
